// Jest Snapshot v1, https://goo.gl/fbAQLP

exports[`should render expense list item 1`] = `
<div>
  <h2>
    <Link
      replace={false}
      to="/edit/1"
    >
      Gas
    </Link>
  </h2>
  <p>
    1.95
    $ 
  </p>
</div>
`;
