// Jest Snapshot v1, https://goo.gl/fbAQLP

exports[`Should render NotFoundPage correctly 1`] = `
<div>
  <h1>
    404! - 
    <Link
      replace={false}
      to="/"
    >
      Go home
    </Link>
  </h1>
</div>
`;
